[INFO] Scanning for projects...
[ERROR] [ERROR] Some problems were encountered while processing the POMs:
[ERROR] 'dependencies.dependency.version' for org.springframework.boot:spring-boot-starter-aop:jar is missing. @ line 112, column 21
 @ 
[ERROR] The build could not read 1 project -> [Help 1]
[ERROR]   
[ERROR]   The project com.spring:tradex-transact-service:0.0.1-SNAPSHOT (F:\tradex-transact-service\pom.xml) has 1 error
[ERROR]     'dependencies.dependency.version' for org.springframework.boot:spring-boot-starter-aop:jar is missing. @ line 112, column 21
[ERROR] 
[ERROR] To see the full stack trace of the errors, re-run Maven with the -e switch.
[ERROR] Re-run Maven using the -X switch to enable full debug logging.
[ERROR] 
[ERROR] For more information about the errors and possible solutions, please read the following articles:
[ERROR] [Help 1] http://cwiki.apache.org/confluence/display/MAVEN/ProjectBuildingException
